>>> matrix_mul = __import__('100-matrix_mul').matrix_mul

>>> matrix_mul([[1, 2], [3, 4]], [[1, 2], [3, 4]])
[[7, 10], [15, 22]]

>>> matrix_mul([[1, 2]], [[1, 2], [3, 4]])
[[7, 10]]

>>> matrix_mul([[1, 2], [3, 4]], [[1, 2]])
Traceback (most recent call last):
ValueError: m_a and m_b can't be multiplied

>>> matrix_mul([[]], [[]])
Traceback (most recent call last):
ValueError: m_a can't be empty

>>> matrix_mul([[1,2]], [[]])
Traceback (most recent call last):
ValueError: m_b can't be empty

>>> matrix_mul([[1, 2.2], [.653, 4]], [[1.7, 2], [3, 4.1]])
[[8.3, 11.02], [13.1101, 17.706]]

>>> matrix_mul(1, "str")
Traceback (most recent call last):
TypeError: m_a must be a list

>>> matrix_mul([[1,2]], "str")
Traceback (most recent call last):
TypeError: m_b must be a list

>>> matrix_mul([1,2], "str")
Traceback (most recent call last):
TypeError: m_a must be a list of lists

>>> matrix_mul([[1,2]], [1,2])
Traceback (most recent call last):
TypeError: m_b must be a list of lists

>>> matrix_mul([[1,2]], [[1,2]])
Traceback (most recent call last):
ValueError: m_a and m_b can't be multiplied

>>> matrix_mul(None, [[]])
Traceback (most recent call last):
TypeError: m_a must be a list

>>> matrix_mul([[1,2]], None)
Traceback (most recent call last):
TypeError: m_b must be a list

>>> matrix_mul([["s",2]], [[1,2]])
Traceback (most recent call last):
TypeError: m_a should contain only integers or floats

>>> matrix_mul([[1,2]], [["s",2]])
Traceback (most recent call last):
TypeError: m_b should contain only integers or floats

>>> matrix_mul([[1,2],[1,2, 3]], [[1,2]])
Traceback (most recent call last):
TypeError: each row of m_a must should be of the same size

>>> matrix_mul([[1,2],[1,2]], [[1,2], [1,2,3]])
Traceback (most recent call last):
TypeError: each row of m_b must should be of the same size

>>> matrix_mul("Hello", "World")
Traceback (most recent call last):
TypeError: m_a must be a list

>>> matrix_mul([[1,2]], "World")
Traceback (most recent call last):
TypeError: m_b must be a list

>>> matrix_mul("Hello", [[1,2], [1,2]])
Traceback (most recent call last):
TypeError: m_a must be a list
